
Whattup
Now calculating...846930886
Now calculating...1714636915
Now calculating...424238335
Now calculating...1649760492
Now calculating...1189641421



Yay!  I calculated 5 random numbers!